[Thu Jul 30 09:00:05 CST 2026] Starting daily crawl...
Traceback (most recent call last):
  File "/Users/pingjiangli/Code/Business-History/crawler/runner.py", line 20, in <module>
    from adapters import get_adapter, ADAPTER_REGISTRY
  File "/Users/pingjiangli/Code/Business-History/crawler/adapters/__init__.py", line 19, in <module>
    from adapters.custom_pw import CustomPlaywrightAdapter
  File "/Users/pingjiangli/Code/Business-History/crawler/adapters/custom_pw.py", line 6, in <module>
    from adapters.playwright_base import PlaywrightAdapter
  File "/Users/pingjiangli/Code/Business-History/crawler/adapters/playwright_base.py", line 8, in <module>
    from playwright.sync_api import sync_playwright, Page, Browser
ModuleNotFoundError: No module named 'playwright'
On branch main
Your branch is up to date with 'origin/main'.

Untracked files:
  (use "git add <file>..." to include in what will be committed)
	crawler/logs/2026-07-30.log

nothing added to commit but untracked files present (use "git add" to track)
Everything up-to-date
[Thu Jul 30 09:00:10 CST 2026] Syncing to cloud...
[sync] Done at Thu Jul 30 09:00:10 CST 2026
[Thu Jul 30 09:00:10 CST 2026] Daily crawl completed.
