[Wed Jul 29 09:00:03 CST 2026] Starting daily crawl...
开始爬取 70 家企业...

[1/70] NVIDIA (workday)... ✓ 20 jobs
[2/70] Intel (workday)... ✓ 16 jobs
[3/70] HP (workday)... ✓ 6 jobs
[4/70] Adobe (workday)... ✓ 0 jobs
[5/70] 3M (workday)... ✓ 12 jobs
[6/70] GE Aerospace (workday)... ✓ 6 jobs
[7/70] Pfizer (workday)... ✓ 20 jobs
[8/70] Red Hat (workday)... ✓ 0 jobs
[9/70] Visa (workday)... ✓ 4 jobs
[10/70] Mastercard (workday)... ✓ 2 jobs
[11/70] Samsung SEC (workday)... ✓ 3 jobs
[12/70] Dell (workday)... ✓ 0 jobs
[13/70] Shell (workday)... ✓ 11 jobs
[14/70] 三星中国 (zhiye)... ✓ 42 jobs
[15/70] 联通数科 (zhiye)... ✓ 145 jobs
[16/70] 联通数智 (zhiye)... ✓ 8 jobs
[17/70] 中科院自动化所 (zhiye)... ✓ 34 jobs
[18/70] 中国移动九天 (hotjob_pw)... Traceback (most recent call last):
  File "/Users/pingjiangli/Code/Business-History/crawler/runner.py", line 123, in <module>
    main()
  File "/Users/pingjiangli/Code/Business-History/crawler/runner.py", line 106, in main
    results = crawl_all(companies)
  File "/Users/pingjiangli/Code/Business-History/crawler/runner.py", line 37, in crawl_all
    adapters_cache[company.adapter] = get_adapter(company.adapter)
  File "/Users/pingjiangli/Code/Business-History/crawler/adapters/__init__.py", line 49, in get_adapter
    raise ValueError(f"Unknown adapter: {name}")
ValueError: Unknown adapter: hotjob_pw
On branch main
Your branch is up to date with 'origin/main'.

Untracked files:
  (use "git add <file>..." to include in what will be committed)
	crawler/list_companies.py
	crawler/logs/2026-07-29.log

nothing added to commit but untracked files present (use "git add" to track)
Everything up-to-date
[Wed Jul 29 09:00:36 CST 2026] Syncing to cloud...
[sync] Done at Wed Jul 29 09:00:36 CST 2026
[Wed Jul 29 09:00:36 CST 2026] Daily crawl completed.
